[0m15:50:16.836510 [debug] [MainThread]: Sending event: {'category': 'dbt', 'action': 'invocation', 'label': 'start', 'context': [<snowplow_tracker.self_describing_json.SelfDescribingJson object at 0x7ae4da170e60>, <snowplow_tracker.self_describing_json.SelfDescribingJson object at 0x7ae4dce52870>, <snowplow_tracker.self_describing_json.SelfDescribingJson object at 0x7ae4db328e90>]}


============================== 15:50:16.841062 | 811beeb1-abe8-4fab-81ca-5dcc4a2ce2d2 ==============================
[0m15:50:16.841062 [info ] [MainThread]: Running with dbt=1.12.0-b3
[0m15:50:16.842018 [debug] [MainThread]: running dbt with arguments {'send_anonymous_usage_stats': 'True', 'maximum_seed_size_mib': '1', 'printer_width': '80', 'static_parser': 'True', 'introspect': 'True', 'invocation_command': 'dbt init', 'fail_fast': 'False', 'profiles_dir': '/home/winig/projects/MacroSentiment/sentiment-analysis/fovi', 'cache_selected_only': 'False', 'warn_error_options': 'WarnErrorOptionsV2(error=[], warn=[], silence=[])', 'write_json': 'True', 'version_check': 'True', 'target_path': 'None', 'empty': 'None', 'no_print': 'None', 'indirect_selection': 'eager', 'log_cache_events': 'False', 'debug': 'False', 'log_format': 'default', 'use_experimental_parser': 'False', 'quiet': 'False', 'use_colors': 'True', 'log_path': 'logs', 'warn_error': 'None', 'partial_parse': 'True'}
[0m15:50:16.878525 [info ] [MainThread]: Creating dbt configuration folder at /home/winig/projects/MacroSentiment/sentiment-analysis/fovi
[0m15:50:52.995817 [debug] [MainThread]: Starter project path: /home/winig/projects/MacroSentiment/sentiment-analysis/.venv/lib/python3.12/site-packages/dbt/include/starter_project
[0m15:50:53.012142 [info ] [MainThread]: Setting up your profile.
[0m15:51:01.597917 [info ] [MainThread]: Profile newsBI written to /home/winig/projects/MacroSentiment/sentiment-analysis/fovi/profiles.yml using target's sample configuration. Once updated, you'll be able to start developing with dbt.
[0m15:51:01.601910 [info ] [MainThread]: Running dbt debug to validate the project...
[0m15:51:01.603058 [info ] [MainThread]: dbt version: 1.12.0-b3
[0m15:51:01.603578 [info ] [MainThread]: python version: 3.12.13
[0m15:51:01.604119 [info ] [MainThread]: python path: /home/winig/projects/MacroSentiment/sentiment-analysis/.venv/bin/python3.12
[0m15:51:01.605029 [info ] [MainThread]: os info: Linux-6.6.87.2-microsoft-standard-WSL2-x86_64-with-glibc2.43
[0m15:51:01.768532 [info ] [MainThread]: Using profiles dir at /home/winig/projects/MacroSentiment/sentiment-analysis/fovi
[0m15:51:01.769556 [info ] [MainThread]: Using profiles.yml file at /home/winig/projects/MacroSentiment/sentiment-analysis/fovi/profiles.yml
[0m15:51:01.770291 [info ] [MainThread]: Using dbt_project.yml file at /home/winig/projects/MacroSentiment/sentiment-analysis/transformations/newsBI/dbt_project.yml
[0m15:51:01.798167 [info ] [MainThread]: adapter type: duckdb
[0m15:51:01.798889 [info ] [MainThread]: adapter version: 1.10.1
[0m15:51:01.979385 [info ] [MainThread]: Configuration:
[0m15:51:01.980033 [info ] [MainThread]:   profiles.yml file [[32mOK found and valid[0m]
[0m15:51:01.980720 [info ] [MainThread]:   dbt_project.yml file [[32mOK found and valid[0m]
[0m15:51:01.981294 [info ] [MainThread]: Required dependencies:
[0m15:51:01.981689 [debug] [MainThread]: Executing "git --help"
[0m15:51:01.985650 [debug] [MainThread]: STDOUT: "b"usage: git [-v | --version] [-h | --help] [-C <path>] [-c <name>=<value>]\n           [--exec-path[=<path>]] [--html-path] [--man-path] [--info-path]\n           [-p | --paginate | -P | --no-pager] [--no-replace-objects] [--no-lazy-fetch]\n           [--no-optional-locks] [--no-advice] [--bare] [--git-dir=<path>]\n           [--work-tree=<path>] [--namespace=<name>] [--config-env=<name>=<envvar>]\n           <command> [<args>]\n\nThese are common Git commands used in various situations:\n\nstart a working area (see also: git help tutorial)\n   clone      Clone a repository into a new directory\n   init       Create an empty Git repository or reinitialize an existing one\n\nwork on the current change (see also: git help everyday)\n   add        Add file contents to the index\n   mv         Move or rename a file, a directory, or a symlink\n   restore    Restore working tree files\n   rm         Remove files from the working tree and from the index\n\nexamine the history and state (see also: git help revisions)\n   bisect     Use binary search to find the commit that introduced a bug\n   diff       Show changes between commits, commit and working tree, etc\n   grep       Print lines matching a pattern\n   log        Show commit logs\n   show       Show various types of objects\n   status     Show the working tree status\n\ngrow, mark and tweak your common history\n   backfill   Download missing objects in a partial clone\n   branch     List, create, or delete branches\n   commit     Record changes to the repository\n   merge      Join two or more development histories together\n   rebase     Reapply commits on top of another base tip\n   reset      Set `HEAD` or the index to a known state\n   switch     Switch branches\n   tag        Create, list, delete or verify tags\n\ncollaborate (see also: git help workflows)\n   fetch      Download objects and refs from another repository\n   pull       Fetch from and integrate with another repository or a local branch\n   push       Update remote refs along with associated objects\n\n'git help -a' and 'git help -g' list available subcommands and some\nconcept guides. See 'git help <command>' or 'git help <concept>'\nto read about a specific subcommand or concept.\nSee 'git help git' for an overview of the system.\n""
[0m15:51:01.986219 [debug] [MainThread]: STDERR: "b''"
[0m15:51:01.987081 [info ] [MainThread]:  - git [[32mOK found[0m]

[0m15:51:01.988642 [info ] [MainThread]: Connection:
[0m15:51:01.989619 [info ] [MainThread]:   database: dev
[0m15:51:01.990193 [info ] [MainThread]:   schema: main
[0m15:51:01.991033 [info ] [MainThread]:   path: dev.duckdb
[0m15:51:01.991529 [info ] [MainThread]:   config_options: None
[0m15:51:01.991926 [info ] [MainThread]:   extensions: None
[0m15:51:01.992315 [info ] [MainThread]:   settings: {}
[0m15:51:01.992863 [info ] [MainThread]:   external_root: .
[0m15:51:01.993678 [info ] [MainThread]:   use_credential_provider: None
[0m15:51:01.994214 [info ] [MainThread]:   attach: None
[0m15:51:01.994958 [info ] [MainThread]:   filesystems: None
[0m15:51:01.995375 [info ] [MainThread]:   remote: None
[0m15:51:01.995782 [info ] [MainThread]:   plugins: None
[0m15:51:01.996176 [info ] [MainThread]:   disable_transactions: False
[0m15:51:01.996801 [info ] [MainThread]: Registered adapter: duckdb=1.10.1
[0m15:51:02.096515 [debug] [MainThread]: Acquiring new duckdb connection 'debug'
[0m15:51:02.128245 [debug] [MainThread]: Using duckdb connection "debug"
[0m15:51:02.129343 [debug] [MainThread]: On debug: select 1 as id
[0m15:51:02.129753 [debug] [MainThread]: Opening a new connection, currently in state init
[0m15:51:02.176033 [debug] [MainThread]: SQL status: OK in 0.046 seconds
[0m15:51:02.177437 [debug] [MainThread]: On debug: Close
[0m15:51:02.178168 [info ] [MainThread]:   Connection test: [[32mOK connection ok[0m]

[0m15:51:02.179221 [info ] [MainThread]: [32mAll checks passed![0m
[0m15:51:02.183515 [info ] [MainThread]: Your new dbt project "newsBI" was created!
Initialized new project in /home/winig/projects/MacroSentiment/sentiment-analysis/transformations/newsBI/newsBI

For more information on how to configure the profiles.yml file,
please consult the dbt documentation here:

  https://docs.getdbt.com/docs/configure-your-profile

One more thing:

Need help? Don't hesitate to reach out to us via GitHub issues or on Slack:

  https://community.getdbt.com/

Happy modeling!

[0m15:51:02.184974 [debug] [MainThread]: Resource report: {"command_name": "init", "command_success": true, "command_wall_clock_time": 45.48512, "process_in_blocks": "68760", "process_kernel_time": 0.580588, "process_mem_max_rss": "157608", "process_out_blocks": "112", "process_user_time": 2.626663}
[0m15:51:02.187851 [debug] [MainThread]: Command `dbt init` succeeded at 15:51:02.187286 after 45.49 seconds
[0m15:51:02.188614 [debug] [MainThread]: Connection 'debug' was properly closed.
[0m15:51:02.189110 [debug] [MainThread]: Sending event: {'category': 'dbt', 'action': 'invocation', 'label': 'end', 'context': [<snowplow_tracker.self_describing_json.SelfDescribingJson object at 0x7ae4dac5bda0>, <snowplow_tracker.self_describing_json.SelfDescribingJson object at 0x7ae4d1f39c40>, <snowplow_tracker.self_describing_json.SelfDescribingJson object at 0x7ae4d1f3a180>]}
[0m15:51:02.189641 [debug] [MainThread]: Flushing usage events
[0m15:51:02.609486 [debug] [MainThread]: An error was encountered while trying to flush usage events
